Summary of SPARK analysis
=========================

--------------------------------------------------------------------------------------------------------------
SPARK Analysis results        Total        Flow   CodePeer                      Provers   Justified   Unproved
--------------------------------------------------------------------------------------------------------------
Data Dependencies                 5           5          .                            .           .          .
Flow Dependencies                 8           4          .                            .           .          4
Initialization                    8           6          .                            .           .          2
Non-Aliasing                      .           .          .                            .           .          .
Run-time Checks                  20           .          .                    20 (CVC4)           .          .
Assertions                        6           .          .                     4 (CVC4)           .          2
Functional Contracts              6           .          .    6 (CVC4 90%, Trivial 10%)           .          .
LSP Verification                  .           .          .                            .           .          .
Termination                       .           .          .                            .           .          .
Concurrency                       .           .          .                            .           .          .
--------------------------------------------------------------------------------------------------------------
Total                            53    15 (28%)          .                     30 (57%)           .    8 (15%)


max steps used for successful proof: 1

Analyzed 4 units
in unit as_io_wrapper, 0 subprograms and packages out of 13 analyzed
  AS_Io_Wrapper at as_io_wrapper.ads:22 skipped
  AS_Io_Wrapper.AS_Clear_Buffer at as_io_wrapper.ads:62 skipped
  AS_Io_Wrapper.AS_Get at as_io_wrapper.ads:56 skipped
  AS_Io_Wrapper.AS_Get at as_io_wrapper.ads:116 skipped
  AS_Io_Wrapper.AS_Get_Line at as_io_wrapper.ads:83 skipped
  AS_Io_Wrapper.AS_Init_Standard_Input at as_io_wrapper.ads:26 skipped
  AS_Io_Wrapper.AS_Init_Standard_Output at as_io_wrapper.ads:33 skipped
  AS_Io_Wrapper.AS_Put at as_io_wrapper.ads:47 skipped
  AS_Io_Wrapper.AS_Put at as_io_wrapper.ads:65 skipped
  AS_Io_Wrapper.AS_Put at as_io_wrapper.ads:127 skipped
  AS_Io_Wrapper.AS_Put_Line at as_io_wrapper.ads:91 skipped
  AS_Io_Wrapper.AS_Put_Line at as_io_wrapper.ads:97 skipped
  AS_Io_Wrapper.AS_Put_Line at as_io_wrapper.ads:133 skipped
in unit level_crossing, 15 subprograms and packages out of 15 analyzed
  Level_Crossing at level_crossing.ads:27 flow analyzed (0 errors, 0 checks and 0 warnings) and proved (0 checks)
  Level_Crossing.All_Distances_Valid at level_crossing.ads:126 flow analyzed (0 errors, 0 checks and 0 warnings) and proved (0 checks)
  Level_Crossing.All_Speeds_Valid at level_crossing.ads:131 flow analyzed (0 errors, 0 checks and 0 warnings) and proved (0 checks)
  Level_Crossing.Any_Train_In_Danger_Zone at level_crossing.ads:106 flow analyzed (0 errors, 0 checks and 0 warnings) and proved (0 checks)
  Level_Crossing.Barrier_State_To_String at level_crossing.ads:244 flow analyzed (0 errors, 0 checks and 0 warnings) and proved (0 checks)
  Level_Crossing.Boolean_To_String at level_crossing.ads:248 flow analyzed (0 errors, 0 checks and 0 warnings) and proved (0 checks)
  Level_Crossing.Calculate_Danger_Distance at level_crossing.ads:98 flow analyzed (0 errors, 0 checks and 0 warnings) and proved (2 checks)
  Level_Crossing.Init at level_crossing.ads:164 flow analyzed (0 errors, 2 checks and 0 warnings) and proved (7 checks)
  Level_Crossing.Is_Safe at level_crossing.ads:145 flow analyzed (0 errors, 0 checks and 0 warnings) and proved (1 checks)
  Level_Crossing.Monitor_Level_Crossing at level_crossing.ads:212 flow analyzed (0 errors, 0 checks and 0 warnings) and proved (1 checks)
  Level_Crossing.Print_Status at level_crossing.ads:234 flow analyzed (0 errors, 0 checks and 0 warnings) and proved (0 checks)
  Level_Crossing.Read_Sensor_Status at level_crossing.ads:180 flow analyzed (0 errors, 0 checks and 0 warnings) and proved (1 checks)
  Level_Crossing.Read_Train_Data at level_crossing.ads:193 flow analyzed (0 errors, 4 checks and 0 warnings) and proved (11 checks)
  Level_Crossing.Safety_Margin at level_crossing.ads:114 flow analyzed (0 errors, 0 checks and 0 warnings) and proved (0 checks)
  Level_Crossing.Time_To_Crossing at level_crossing.ads:120 flow analyzed (0 errors, 0 checks and 0 warnings) and proved (1 checks)
in unit main, 1 subprograms and packages out of 1 analyzed
  Main at main.ads:3 flow analyzed (0 errors, 0 checks and 0 warnings) and not proved, 6 checks out of 8 proved
in unit spark, 1 subprograms and packages out of 2 analyzed
  SPARK at spark.ads:29 flow analyzed (0 errors, 0 checks and 0 warnings) and proved (0 checks)
  SPARK.Text_IO_File_Type at spark.ads:53 skipped
