Summary of SPARK analysis
=========================

--------------------------------------------------------------------------------------------
SPARK Analysis results        Total       Flow   CodePeer     Provers   Justified   Unproved
--------------------------------------------------------------------------------------------
Data Dependencies                 .          .          .           .           .          .
Flow Dependencies                 .          .          .           .           .          .
Initialization                    1          1          .           .           .          .
Non-Aliasing                      .          .          .           .           .          .
Run-time Checks                   4          .          .    4 (CVC4)           .          .
Assertions                        .          .          .           .           .          .
Functional Contracts              1          .          .           .           .          1
LSP Verification                  .          .          .           .           .          .
Termination                       .          .          .           .           .          .
Concurrency                       .          .          .           .           .          .
--------------------------------------------------------------------------------------------
Total                             6    1 (17%)          .     4 (67%)           .    1 (17%)


max steps used for successful proof: 1

Analyzed 2 units
in unit gcd, 2 subprograms and packages out of 2 analyzed
  GCD at gcd.ads:1 flow analyzed (0 errors, 0 checks and 0 warnings) and proved (0 checks)
  GCD.Euclidean_GCD at gcd.ads:4 flow analyzed (0 errors, 0 checks and 0 warnings) and not proved, 4 checks out of 5 proved
in unit main, 0 subprograms and packages out of 1 analyzed
  Main at main.adb:4 skipped
