Summary of SPARK analysis
=========================

-------------------------------------------------------------------------------------------
SPARK Analysis results        Total        Flow   CodePeer   Provers   Justified   Unproved
-------------------------------------------------------------------------------------------
Data Dependencies                 1           1          .         .           .          .
Flow Dependencies                 1           1          .         .           .          .
Initialization                    5           5          .         .           .          .
Non-Aliasing                      .           .          .         .           .          .
Run-time Checks                   .           .          .         .           .          .
Assertions                        .           .          .         .           .          .
Functional Contracts              .           .          .         .           .          .
LSP Verification                  .           .          .         .           .          .
Termination                       .           .          .         .           .          .
Concurrency                       .           .          .         .           .          .
-------------------------------------------------------------------------------------------
Total                             7    7 (100%)          .         .           .          .


max steps used for successful proof: 0

Analyzed 1 unit
in unit gcd, 2 subprograms and packages out of 2 analyzed
  GCD at gcd.ads:3 flow analyzed (0 errors, 0 checks and 0 warnings)
  GCD.Euclidean_GCD at gcd.ads:4 flow analyzed (0 errors, 0 checks and 0 warnings)
