Summary of SPARK analysis
=========================

--------------------------------------------------------------------------------------------------------------
SPARK Analysis results        Total        Flow   CodePeer                      Provers   Justified   Unproved
--------------------------------------------------------------------------------------------------------------
Data Dependencies                 5           5          .                            .           .          .
Flow Dependencies                 8           4          .                            .           .          4
Initialization                    8           6          .                            .           .          2
Non-Aliasing                      .           .          .                            .           .          .
Run-time Checks                  19           .          .                    19 (CVC4)           .          .
Assertions                        6           .          .                     4 (CVC4)           .          2
Functional Contracts              6           .          .    6 (CVC4 81%, Trivial 19%)           .          .
LSP Verification                  .           .          .                            .           .          .
Termination                       .           .          .                            .           .          .
Concurrency                       .           .          .                            .           .          .
--------------------------------------------------------------------------------------------------------------
Total                            52    15 (29%)          .                     29 (56%)           .    8 (15%)


max steps used for successful proof: 1

Analyzed 4 units
in unit as_io_wrapper, 0 subprograms and packages out of 13 analyzed
  AS_Io_Wrapper at as_io_wrapper.ads:22 skipped
  AS_Io_Wrapper.AS_Clear_Buffer at as_io_wrapper.ads:62 skipped
  AS_Io_Wrapper.AS_Get at as_io_wrapper.ads:56 skipped
  AS_Io_Wrapper.AS_Get at as_io_wrapper.ads:116 skipped
  AS_Io_Wrapper.AS_Get_Line at as_io_wrapper.ads:83 skipped
  AS_Io_Wrapper.AS_Init_Standard_Input at as_io_wrapper.ads:26 skipped
  AS_Io_Wrapper.AS_Init_Standard_Output at as_io_wrapper.ads:33 skipped
  AS_Io_Wrapper.AS_Put at as_io_wrapper.ads:47 skipped
  AS_Io_Wrapper.AS_Put at as_io_wrapper.ads:65 skipped
  AS_Io_Wrapper.AS_Put at as_io_wrapper.ads:127 skipped
  AS_Io_Wrapper.AS_Put_Line at as_io_wrapper.ads:91 skipped
  AS_Io_Wrapper.AS_Put_Line at as_io_wrapper.ads:97 skipped
  AS_Io_Wrapper.AS_Put_Line at as_io_wrapper.ads:133 skipped
in unit level_crossing, 11 subprograms and packages out of 11 analyzed
  Level_Crossing at level_crossing.ads:14 flow analyzed (0 errors, 0 checks and 0 warnings) and proved (0 checks)
  Level_Crossing.Any_Train_In_Danger_Zone at level_crossing.ads:107 flow analyzed (0 errors, 0 checks and 0 warnings) and proved (0 checks)
  Level_Crossing.Barrier_State_To_String at level_crossing.ads:188 flow analyzed (0 errors, 0 checks and 0 warnings) and proved (0 checks)
  Level_Crossing.Boolean_To_String at level_crossing.ads:192 flow analyzed (0 errors, 0 checks and 0 warnings) and proved (0 checks)
  Level_Crossing.Calculate_Danger_Distance at level_crossing.ads:76 flow analyzed (0 errors, 0 checks and 0 warnings) and proved (2 checks)
  Level_Crossing.Init at level_crossing.ads:119 flow analyzed (0 errors, 2 checks and 0 warnings) and proved (7 checks)
  Level_Crossing.Is_Safe at level_crossing.ads:87 flow analyzed (0 errors, 0 checks and 0 warnings) and proved (1 checks)
  Level_Crossing.Monitor_Level_Crossing at level_crossing.ads:159 flow analyzed (0 errors, 0 checks and 0 warnings) and proved (1 checks)
  Level_Crossing.Print_Status at level_crossing.ads:178 flow analyzed (0 errors, 0 checks and 0 warnings) and proved (0 checks)
  Level_Crossing.Read_Sensor_Status at level_crossing.ads:132 flow analyzed (0 errors, 0 checks and 0 warnings) and proved (1 checks)
  Level_Crossing.Read_Train_Data at level_crossing.ads:143 flow analyzed (0 errors, 4 checks and 0 warnings) and proved (11 checks)
in unit main, 1 subprograms and packages out of 1 analyzed
  Main at main.ads:3 flow analyzed (0 errors, 0 checks and 0 warnings) and not proved, 6 checks out of 8 proved
in unit spark, 1 subprograms and packages out of 2 analyzed
  SPARK at spark.ads:29 flow analyzed (0 errors, 0 checks and 0 warnings) and proved (0 checks)
  SPARK.Text_IO_File_Type at spark.ads:53 skipped
