gcd.adb:3:14: error: missing body for "Euclidean_GCD" declared at gcd.ads:4
gcd.adb:24:19: error: invalid operand types for operator "*"
gcd.adb:24:19: error: left operand has type "Standard.Integer"
gcd.adb:24:19: error: right operand has type "Standard.Long_Long_Integer"
gcd.adb:24:28: error: invalid operand types for operator "*"
gcd.adb:24:28: error: left operand has type "Standard.Integer"
gcd.adb:24:28: error: right operand has type "Standard.Long_Long_Integer"
gcd.adb:25:19: error: invalid operand types for operator "*"
gcd.adb:25:19: error: left operand has type "Standard.Integer"
gcd.adb:25:19: error: right operand has type "Standard.Long_Long_Integer"
gcd.adb:25:28: error: invalid operand types for operator "*"
gcd.adb:25:28: error: left operand has type "Standard.Integer"
gcd.adb:25:28: error: right operand has type "Standard.Long_Long_Integer"
gcd.adb:39:22: error: invalid operand types for operator "*"
gcd.adb:39:22: error: left operand has type "Standard.Long_Long_Integer"
gcd.adb:39:22: error: right operand has type "Standard.Integer"
gcd.adb:40:22: error: invalid operand types for operator "*"
gcd.adb:40:22: error: left operand has type "Standard.Long_Long_Integer"
gcd.adb:40:22: error: right operand has type "Standard.Integer"
gcd.adb:49:27: error: invalid operand types for operator "*"
gcd.adb:49:27: error: left operand has type "Standard.Long_Long_Integer"
gcd.adb:49:27: error: right operand has type "Standard.Integer"
gcd.adb:50:27: error: invalid operand types for operator "*"
gcd.adb:50:27: error: left operand has type "Standard.Long_Long_Integer"
gcd.adb:50:27: error: right operand has type "Standard.Integer"
gcd.adb:58:16: error: expected type "Standard.Long_Long_Long_Integer"
gcd.adb:58:16: error: found type "Standard.Long_Long_Integer"
gcd.adb:62:16: error: expected type "Standard.Long_Long_Long_Integer"
gcd.adb:62:16: error: found type "Standard.Long_Long_Integer"
gcd.ads:15:18: error: invalid operand types for operator "*"
gcd.ads:15:18: error: left operand has type "Standard.Long_Long_Integer"
gcd.ads:15:18: error: right operand has type "Standard.Natural"
gcd.ads:16:18: error: invalid operand types for operator "*"
gcd.ads:16:18: error: left operand has type "Standard.Long_Long_Integer"
gcd.ads:16:18: error: right operand has type "Standard.Natural"
