Summary of SPARK analysis
=========================

----------------------------------------------------------------------------------------------
SPARK Analysis results        Total       Flow   CodePeer      Provers   Justified    Unproved
----------------------------------------------------------------------------------------------
Data Dependencies                 1          1          .            .           .           .
Flow Dependencies                 1          1          .            .           .           .
Initialization                    5          5          .            .           .           .
Non-Aliasing                      .          .          .            .           .           .
Run-time Checks                  24          .          .    12 (CVC4)           .          12
Assertions                        2          .          .     1 (CVC4)           .           1
Functional Contracts              1          .          .            .           .           1
LSP Verification                  .          .          .            .           .           .
Termination                       .          .          .            .           .           .
Concurrency                       .          .          .            .           .           .
----------------------------------------------------------------------------------------------
Total                            34    7 (21%)          .     13 (38%)           .    14 (41%)


max steps used for successful proof: 1

Analyzed 1 unit
in unit gcd, 2 subprograms and packages out of 2 analyzed
  GCD at gcd.ads:3 flow analyzed (0 errors, 0 checks and 0 warnings) and proved (0 checks)
  GCD.Euclidean_GCD at gcd.ads:4 flow analyzed (0 errors, 0 checks and 0 warnings) and not proved, 13 checks out of 27 proved
