Summary of SPARK analysis
=========================

--------------------------------------------------------------------------------------------
SPARK Analysis results        Total         Flow   CodePeer   Provers   Justified   Unproved
--------------------------------------------------------------------------------------------
Data Dependencies                 4            4          .         .           .          .
Flow Dependencies                 4            4          .         .           .          .
Initialization                    4            4          .         .           .          .
Non-Aliasing                      .            .          .         .           .          .
Run-time Checks                   .            .          .         .           .          .
Assertions                        .            .          .         .           .          .
Functional Contracts              .            .          .         .           .          .
LSP Verification                  .            .          .         .           .          .
Termination                       .            .          .         .           .          .
Concurrency                       .            .          .         .           .          .
--------------------------------------------------------------------------------------------
Total                            12    12 (100%)          .         .           .          .


max steps used for successful proof: 0

Analyzed 4 units
in unit as_io_wrapper, 0 subprograms and packages out of 13 analyzed
  AS_Io_Wrapper at as_io_wrapper.ads:22 skipped
  AS_Io_Wrapper.AS_Clear_Buffer at as_io_wrapper.ads:62 skipped
  AS_Io_Wrapper.AS_Get at as_io_wrapper.ads:56 skipped
  AS_Io_Wrapper.AS_Get at as_io_wrapper.ads:116 skipped
  AS_Io_Wrapper.AS_Get_Line at as_io_wrapper.ads:83 skipped
  AS_Io_Wrapper.AS_Init_Standard_Input at as_io_wrapper.ads:26 skipped
  AS_Io_Wrapper.AS_Init_Standard_Output at as_io_wrapper.ads:33 skipped
  AS_Io_Wrapper.AS_Put at as_io_wrapper.ads:47 skipped
  AS_Io_Wrapper.AS_Put at as_io_wrapper.ads:65 skipped
  AS_Io_Wrapper.AS_Put at as_io_wrapper.ads:127 skipped
  AS_Io_Wrapper.AS_Put_Line at as_io_wrapper.ads:91 skipped
  AS_Io_Wrapper.AS_Put_Line at as_io_wrapper.ads:97 skipped
  AS_Io_Wrapper.AS_Put_Line at as_io_wrapper.ads:133 skipped
in unit level_crossing, 7 subprograms and packages out of 7 analyzed
  Level_Crossing at level_crossing.ads:6 flow analyzed (0 errors, 0 checks and 0 warnings)
  Level_Crossing.Barrier_State_To_String at level_crossing.ads:35 flow analyzed (0 errors, 0 checks and 0 warnings)
  Level_Crossing.Init at level_crossing.ads:59 flow analyzed (0 errors, 0 checks and 0 warnings)
  Level_Crossing.Is_Safe at level_crossing.ads:46 flow analyzed (0 errors, 0 checks and 0 warnings)
  Level_Crossing.Monitor_Level_Crossing at level_crossing.ads:53 flow analyzed (0 errors, 0 checks and 0 warnings)
  Level_Crossing.Print_Status at level_crossing.ads:39 flow analyzed (0 errors, 0 checks and 0 warnings)
  Level_Crossing.Read_Distance at level_crossing.ads:28 flow analyzed (0 errors, 0 checks and 0 warnings)
in unit main, 1 subprograms and packages out of 1 analyzed
  Main at main.ads:3 flow analyzed (0 errors, 0 checks and 0 warnings)
in unit spark, 1 subprograms and packages out of 2 analyzed
  SPARK at spark.ads:29 flow analyzed (0 errors, 0 checks and 0 warnings)
  SPARK.Text_IO_File_Type at spark.ads:53 skipped
